******************************************************************************
                  TMS470 Linker PC v4.9.5                      
******************************************************************************
>> Linked Sat Feb 23 22:24:44 2013

OUTPUT FILE NAME:   <project0.out>
ENTRY POINT SYMBOL: "_c_int00"  address: 000006f1


MEMORY CONFIGURATION

         name            origin    length      used     unused   attr    fill
----------------------  --------  ---------  --------  --------  ----  --------
  FLASH                 00000000   00040000  0000087a  0003f786  R  X
  SRAM                  20000000   00008000  00000114  00007eec  RW X


SEGMENT ALLOCATION MAP

run origin  load origin   length   init length attrs members
----------  ----------- ---------- ----------- ----- -------
00000000    00000000    00000880   00000880    r-x
  00000000    00000000    0000026c   0000026c    r-- .intvecs
  0000026c    0000026c    000005ae   000005ae    r-x .text
  0000081c    0000081c    00000040   00000040    r-- .const
  00000860    00000860    00000020   00000020    r-- .cinit
20000000    20000000    00000100   00000000    rw-
  20000000    20000000    00000100   00000000    rw- .stack
20000100    20000100    00000014   00000014    rw-
  20000100    20000100    00000014   00000014    rw- .data


SECTION ALLOCATION MAP

 output                                  attributes/
section   page    origin      length       input sections
--------  ----  ----------  ----------   ----------------
.intvecs   0    00000000    0000026c     
                  00000000    0000026c     startup_ccs.obj (.intvecs)

.init_array 
*          0    00000000    00000000     UNINITIALIZED

.text      0    0000026c    000005ae     
                  0000026c    0000013c     driverlib-cm4f.lib : sysctl.obj (.text:SysCtlClockSet)
                  000003a8    000000c8                        : gpio.obj (.text:GPIOPadConfigSet)
                  00000470    0000009c     rtsv7M4_T_le_v4SPD16_eabi.lib : memcpy_t2.obj (.text)
                  0000050c    00000094                                   : auto_init.obj (.text)
                  000005a0    0000005e                                   : copy_decompress_rle.obj (.text)
                  000005fe    00000002     startup_ccs.obj (.text:FaultISR)
                  00000600    00000058     driverlib-cm4f.lib : sysctl.obj (.text:SysCtlPeripheralEnable)
                  00000658    0000004c     project0.obj (.text:main)
                  000006a4    0000004c     rtsv7M4_T_le_v4SPD16_eabi.lib : cpy_tbl.obj (.text)
                  000006f0    00000048                                   : boot.obj (.text)
                  00000738    00000044                                   : exit.obj (.text)
                  0000077c    0000002e     driverlib-cm4f.lib : gpio.obj (.text:GPIODirModeSet)
                  000007aa    00000002     startup_ccs.obj (.text:IntDefaultHandler)
                  000007ac    00000018     rtsv7M4_T_le_v4SPD16_eabi.lib : _lock.obj (.text)
                  000007c4    00000018                                   : args_main.obj (.text)
                  000007dc    00000012     driverlib-cm4f.lib : gpio.obj (.text:GPIOPinTypeGPIOOutput)
                  000007ee    0000000e     rtsv7M4_T_le_v4SPD16_eabi.lib : copy_decompress_none.obj (.text:decompress:none)
                  000007fc    0000000a     driverlib-cm4f.lib : gpio.obj (.text:GPIOPinWrite)
                  00000806    00000006     startup_ccs.obj (.text:ResetISR)
                  0000080c    00000006     driverlib-cm4f.lib : sysctl.obj (.text:SysCtlDelay)
                  00000812    00000006     rtsv7M4_T_le_v4SPD16_eabi.lib : copy_decompress_rle.obj (.text:decompress:rle24)
                  00000818    00000002     startup_ccs.obj (.text:NmiSR)

.const     0    0000081c    00000040     
                  0000081c    00000040     driverlib-cm4f.lib : sysctl.obj (.const)

.cinit     0    00000860    00000020     
                  00000860    0000000f     (.cinit..data.load) [load image, compression = rle]
                  0000086f    00000001     --HOLE-- [fill = 0]
                  00000870    00000008     (__TI_handler_table)
                  00000878    00000008     (__TI_cinit_table)

.stack     0    20000000    00000100     UNINITIALIZED
                  20000000    00000100     --HOLE--

.data      0    20000100    00000014     
                  20000100    00000008     rtsv7M4_T_le_v4SPD16_eabi.lib : _lock.obj (.data)
                  20000108    00000008                                   : exit.obj (.data)
                  20000110    00000004                                   : stkdepth_vars.obj (.data)


LINKER GENERATED COPY TABLES

__TI_cinit_table @ 00000878 records: 1, size/record: 8, table size: 8
	.data: load addr=00000860, load size=0000000f bytes, run addr=20000100, run size=00000014 bytes, compression=rle


LINKER GENERATED HANDLER TABLE

__TI_handler_table @ 00000870 records: 2, size/record: 4, table size: 8
	index: 0, handler: __TI_decompress_rle24
	index: 1, handler: __TI_decompress_none


GLOBAL SYMBOLS: SORTED ALPHABETICALLY BY Name 

address    name
--------   ----
00000739   C$$EXIT
0000077d   GPIODirModeSet
000003a9   GPIOPadConfigSet
000007dd   GPIOPinTypeGPIOOutput
000007fd   GPIOPinWrite
00000807   ResetISR
UNDEFED    SHT$$INIT_ARRAY$$Base
UNDEFED    SHT$$INIT_ARRAY$$Limit
0000026d   SysCtlClockSet
0000080d   SysCtlDelay
00000601   SysCtlPeripheralEnable
20000100   __STACK_END
00000100   __STACK_SIZE
20000100   __STACK_TOP
00000878   __TI_CINIT_Base
00000880   __TI_CINIT_Limit
00000870   __TI_Handler_Table_Base
00000878   __TI_Handler_Table_Limit
00000001   __TI_args_main
0000050d   __TI_auto_init
000007ef   __TI_decompress_none
00000813   __TI_decompress_rle24
00000000   __TI_static_base__
00000471   __aeabi_memcpy
00000471   __aeabi_memcpy4
00000471   __aeabi_memcpy8
ffffffff   __binit__
ffffffff   __c_args__
20000000   __stack
000007c5   _args_main
000006f1   _c_int00
20000108   _cleanup_ptr
2000010c   _dtors_ptr
20000100   _lock
000007b9   _nop
000007b3   _register_lock
000007ad   _register_unlock
20000104   _unlock
0000073d   abort
ffffffff   binit
000006a5   copy_in
00000745   exit
00000000   g_pfnVectors
00000659   main
20000110   main_func_sp
00000471   memcpy


GLOBAL SYMBOLS: SORTED BY Symbol Address 

address    name
--------   ----
00000000   __TI_static_base__
00000000   g_pfnVectors
00000001   __TI_args_main
00000100   __STACK_SIZE
0000026d   SysCtlClockSet
000003a9   GPIOPadConfigSet
00000471   __aeabi_memcpy
00000471   __aeabi_memcpy4
00000471   __aeabi_memcpy8
00000471   memcpy
0000050d   __TI_auto_init
00000601   SysCtlPeripheralEnable
00000659   main
000006a5   copy_in
000006f1   _c_int00
00000739   C$$EXIT
0000073d   abort
00000745   exit
0000077d   GPIODirModeSet
000007ad   _register_unlock
000007b3   _register_lock
000007b9   _nop
000007c5   _args_main
000007dd   GPIOPinTypeGPIOOutput
000007ef   __TI_decompress_none
000007fd   GPIOPinWrite
00000807   ResetISR
0000080d   SysCtlDelay
00000813   __TI_decompress_rle24
00000870   __TI_Handler_Table_Base
00000878   __TI_CINIT_Base
00000878   __TI_Handler_Table_Limit
00000880   __TI_CINIT_Limit
20000000   __stack
20000100   __STACK_END
20000100   __STACK_TOP
20000100   _lock
20000104   _unlock
20000108   _cleanup_ptr
2000010c   _dtors_ptr
20000110   main_func_sp
ffffffff   __binit__
ffffffff   __c_args__
ffffffff   binit
UNDEFED    SHT$$INIT_ARRAY$$Base
UNDEFED    SHT$$INIT_ARRAY$$Limit

[46 symbols]
