******************************************************************************
                  TMS470 Linker PC v4.9.5                      
******************************************************************************
>> Linked Wed Feb 27 14:44:20 2013

OUTPUT FILE NAME:   <project0.out>
ENTRY POINT SYMBOL: "_c_int00"  address: 00000cbd


MEMORY CONFIGURATION

         name            origin    length      used     unused   attr    fill
----------------------  --------  ---------  --------  --------  ----  --------
  FLASH                 00000000   00040000  00001132  0003eece  R  X
  SRAM                  20000000   00008000  000003f8  00007c08  RW X


SEGMENT ALLOCATION MAP

run origin  load origin   length   init length attrs members
----------  ----------- ---------- ----------- ----- -------
00000000    00000000    00001138   00001138    r-x
  00000000    00000000    0000026c   0000026c    r-- .intvecs
  0000026c    0000026c    00000d22   00000d22    r-x .text
  00000f90    00000f90    0000011c   0000011c    r-- .const
  000010b0    000010b0    00000088   00000088    r-- .cinit
20000000    20000000    0000036c   00000000    rw-
  20000000    20000000    0000026c   00000000    rw- .vtable
  2000026c    2000026c    00000100   00000000    rw- .stack
2000036c    2000036c    0000008c   00000054    rw-
  2000036c    2000036c    00000054   00000054    rw- .data
  200003c0    200003c0    00000038   00000000    rw- .bss


SECTION ALLOCATION MAP

 output                                  attributes/
section   page    origin      length       input sections
--------  ----  ----------  ----------   ----------------
.intvecs   0    00000000    0000026c     
                  00000000    0000026c     startup_ccs.obj (.intvecs)

.init_array 
*          0    00000000    00000000     UNINITIALIZED

.text      0    0000026c    00000d22     
                  0000026c    000001d8     driverlib-cm4f.lib : sysctl.obj (.text:SysCtlClockGet)
                  00000444    0000013c                        : sysctl.obj (.text:SysCtlClockSet)
                  00000580    000000fc                        : gpio.obj (.text:GPIOGetIntNumber)
                  0000067c    000000c8                        : gpio.obj (.text:GPIOPadConfigSet)
                  00000744    000000b4     project0.obj (.text:main)
                  000007f8    0000009c     rtsv7M4_T_le_v4SPD16_eabi.lib : memcpy_t2.obj (.text)
                  00000894    00000098     project0.obj (.text:NewSecond)
                  0000092c    00000094     rtsv7M4_T_le_v4SPD16_eabi.lib : auto_init.obj (.text)
                  000009c0    0000008c     project0.obj (.text:send_VFD)
                  00000a4c    00000068     project0.obj (.text:getDS1307time)
                  00000ab4    00000064     driverlib-cm4f.lib : interrupt.obj (.text:IntEnable)
                  00000b18    0000005e     rtsv7M4_T_le_v4SPD16_eabi.lib : copy_decompress_rle.obj (.text)
                  00000b76    00000002     startup_ccs.obj (.text:FaultISR)
                  00000b78    00000058     driverlib-cm4f.lib : sysctl.obj (.text:SysCtlPeripheralEnable)
                  00000bd0    00000054     softPwm.obj (.text:softPwmConfig)
                  00000c24    0000004c     softPwm.obj (.text:_update)
                  00000c70    0000004c     rtsv7M4_T_le_v4SPD16_eabi.lib : cpy_tbl.obj (.text)
                  00000cbc    00000048                                   : boot.obj (.text)
                  00000d04    00000044     driverlib-cm4f.lib : gpio.obj (.text:GPIOIntTypeSet)
                  00000d48    00000044     rtsv7M4_T_le_v4SPD16_eabi.lib : exit.obj (.text)
                  00000d8c    00000038     softPwm.obj (.text:softPwmInit)
                  00000dc4    00000034     driverlib-cm4f.lib : interrupt.obj (.text:IntRegister)
                  00000df8    0000002e                        : gpio.obj (.text:GPIODirModeSet)
                  00000e26    00000002     startup_ccs.obj (.text:IntDefaultHandler)
                  00000e28    00000028     driverlib-cm4f.lib : timer.obj (.text:TimerConfigure)
                  00000e50    0000001c     project0.obj (.text:update_VFD)
                  00000e6c    00000018     driverlib-cm4f.lib : gpio.obj (.text:GPIOPortIntRegister)
                  00000e84    00000018     rtsv7M4_T_le_v4SPD16_eabi.lib : _lock.obj (.text)
                  00000e9c    00000018                                   : args_main.obj (.text)
                  00000eb4    00000014     softPwm.obj (.text:Timer0IntHandler)
                  00000ec8    00000012     driverlib-cm4f.lib : gpio.obj (.text:GPIOPinTypeGPIOInput)
                  00000eda    00000012                        : gpio.obj (.text:GPIOPinTypeGPIOOutput)
                  00000eec    00000012                        : timer.obj (.text:TimerLoadSet)
                  00000efe    00000012     rtsv7M4_T_le_v4SPD16_eabi.lib : copy_zero_init.obj (.text:decompress:ZI)
                  00000f10    0000000e     driverlib-cm4f.lib : timer.obj (.text:TimerEnable)
                  00000f1e    0000000e     rtsv7M4_T_le_v4SPD16_eabi.lib : copy_decompress_none.obj (.text:decompress:none)
                  00000f2c    0000000c     driverlib-cm4f.lib : cpu.obj (.text:CPUcpsie)
                  00000f38    0000000c                        : gpio.obj (.text:GPIOPinIntEnable)
                  00000f44    0000000a                        : gpio.obj (.text:GPIOPinRead)
                  00000f4e    0000000a                        : gpio.obj (.text:GPIOPinWrite)
                  00000f58    0000000a                        : interrupt.obj (.text:IntMasterEnable)
                  00000f62    00000008                        : timer.obj (.text:TimerIntEnable)
                  00000f6a    00000006                        : gpio.obj (.text:GPIOPinIntClear)
                  00000f70    00000006     startup_ccs.obj (.text:ResetISR)
                  00000f76    00000006     driverlib-cm4f.lib : sysctl.obj (.text:SysCtlDelay)
                  00000f7c    00000006     rtsv7M4_T_le_v4SPD16_eabi.lib : copy_decompress_rle.obj (.text:decompress:rle24)
                  00000f82    00000006     project0.obj (.text:rest)
                  00000f88    00000004     driverlib-cm4f.lib : timer.obj (.text:TimerIntClear)
                  00000f8c    00000002     startup_ccs.obj (.text:NmiSR)

.const     0    00000f90    0000011c     
                  00000f90    00000070     driverlib-cm4f.lib : interrupt.obj (.const)
                  00001000    0000006c                        : sysctl.obj (.const:g_pulXtals)
                  0000106c    00000040                        : sysctl.obj (.const)

.cinit     0    000010b0    00000088     
                  000010b0    0000004d     (.cinit..data.load) [load image, compression = rle]
                  000010fd    00000003     --HOLE-- [fill = 0]
                  00001100    0000000c     (__TI_handler_table)
                  0000110c    00000004     --HOLE-- [fill = 0]
                  00001110    00000008     (.cinit..bss.load) [load image, compression = zero_init]
                  00001118    00000008     (.cinit..vtable.load) [load image, compression = zero_init]
                  00001120    00000018     (__TI_cinit_table)

.vtable    0    20000000    0000026c     UNINITIALIZED
                  20000000    0000026c     driverlib-cm4f.lib : interrupt.obj (.vtable)

.stack     0    2000026c    00000100     UNINITIALIZED
                  2000026c    00000100     --HOLE--

.data      0    2000036c    00000054     
                  2000036c    00000028     project0.obj (.data:segments)
                  20000394    00000018     project0.obj (.data)
                  200003ac    00000008     rtsv7M4_T_le_v4SPD16_eabi.lib : _lock.obj (.data)
                  200003b4    00000008                                   : exit.obj (.data)
                  200003bc    00000004                                   : stkdepth_vars.obj (.data)

.bss       0    200003c0    00000038     UNINITIALIZED
                  200003c0    00000024     project0.obj (.bss)
                  200003e4    00000014     softPwm.obj (.bss)


LINKER GENERATED COPY TABLES

__TI_cinit_table @ 00001120 records: 3, size/record: 8, table size: 24
	.data: load addr=000010b0, load size=0000004d bytes, run addr=2000036c, run size=00000054 bytes, compression=rle
	.bss: load addr=00001110, load size=00000008 bytes, run addr=200003c0, run size=00000038 bytes, compression=zero_init
	.vtable: load addr=00001118, load size=00000008 bytes, run addr=20000000, run size=0000026c bytes, compression=zero_init


LINKER GENERATED HANDLER TABLE

__TI_handler_table @ 00001100 records: 3, size/record: 4, table size: 12
	index: 0, handler: __TI_zero_init
	index: 1, handler: __TI_decompress_rle24
	index: 2, handler: __TI_decompress_none


GLOBAL SYMBOLS: SORTED ALPHABETICALLY BY Name 

address    name
--------   ----
00000d49   C$$EXIT
00000f2d   CPUcpsie
00000df9   GPIODirModeSet
00000d05   GPIOIntTypeSet
0000067d   GPIOPadConfigSet
00000f6b   GPIOPinIntClear
00000f39   GPIOPinIntEnable
00000f45   GPIOPinRead
00000ec9   GPIOPinTypeGPIOInput
00000edb   GPIOPinTypeGPIOOutput
00000f4f   GPIOPinWrite
00000e6d   GPIOPortIntRegister
00000ab5   IntEnable
00000f59   IntMasterEnable
00000dc5   IntRegister
00000895   NewSecond
00000f71   ResetISR
UNDEFED    SHT$$INIT_ARRAY$$Base
UNDEFED    SHT$$INIT_ARRAY$$Limit
0000026d   SysCtlClockGet
00000445   SysCtlClockSet
00000f77   SysCtlDelay
00000b79   SysCtlPeripheralEnable
00000eb5   Timer0IntHandler
00000e29   TimerConfigure
00000f11   TimerEnable
00000f89   TimerIntClear
00000f63   TimerIntEnable
00000eed   TimerLoadSet
2000036c   __STACK_END
00000100   __STACK_SIZE
2000036c   __STACK_TOP
00001120   __TI_CINIT_Base
00001138   __TI_CINIT_Limit
00001100   __TI_Handler_Table_Base
0000110c   __TI_Handler_Table_Limit
00000001   __TI_args_main
0000092d   __TI_auto_init
00000f1f   __TI_decompress_none
00000f7d   __TI_decompress_rle24
00000000   __TI_static_base__
00000eff   __TI_zero_init
000007f9   __aeabi_memcpy
000007f9   __aeabi_memcpy4
000007f9   __aeabi_memcpy8
ffffffff   __binit__
ffffffff   __c_args__
2000026c   __stack
00000e9d   _args_main
00000cbd   _c_int00
200003b4   _cleanup_ptr
200003b8   _dtors_ptr
200003ac   _lock
00000e91   _nop
00000e8b   _register_lock
00000e85   _register_unlock
200003b0   _unlock
00000c25   _update
00000d4d   abort
ffffffff   binit
00000c71   copy_in
00000d55   exit
20000000   g_pfnRAMVectors
00000000   g_pfnVectors
00000a4d   getDS1307time
20000394   grid
200003c0   hour
00000745   main
200003bc   main_func_sp
000007f9   memcpy
200003c4   minute
200003cc   numbers
00000f83   rest
200003c8   second
2000036c   segments
000009c1   send_VFD
00000bd1   softPwmConfig
00000d8d   softPwmInit
200003e4   ulP_Base
200003e8   ulP_Pin
200003ec   ulP_ticksForFreq
200003f0   ulP_ticksHigh
200003f4   ulP_ticksLow
00000e51   update_VFD


GLOBAL SYMBOLS: SORTED BY Symbol Address 

address    name
--------   ----
00000000   __TI_static_base__
00000000   g_pfnVectors
00000001   __TI_args_main
00000100   __STACK_SIZE
0000026d   SysCtlClockGet
00000445   SysCtlClockSet
0000067d   GPIOPadConfigSet
00000745   main
000007f9   __aeabi_memcpy
000007f9   __aeabi_memcpy4
000007f9   __aeabi_memcpy8
000007f9   memcpy
00000895   NewSecond
0000092d   __TI_auto_init
000009c1   send_VFD
00000a4d   getDS1307time
00000ab5   IntEnable
00000b79   SysCtlPeripheralEnable
00000bd1   softPwmConfig
00000c25   _update
00000c71   copy_in
00000cbd   _c_int00
00000d05   GPIOIntTypeSet
00000d49   C$$EXIT
00000d4d   abort
00000d55   exit
00000d8d   softPwmInit
00000dc5   IntRegister
00000df9   GPIODirModeSet
00000e29   TimerConfigure
00000e51   update_VFD
00000e6d   GPIOPortIntRegister
00000e85   _register_unlock
00000e8b   _register_lock
00000e91   _nop
00000e9d   _args_main
00000eb5   Timer0IntHandler
00000ec9   GPIOPinTypeGPIOInput
00000edb   GPIOPinTypeGPIOOutput
00000eed   TimerLoadSet
00000eff   __TI_zero_init
00000f11   TimerEnable
00000f1f   __TI_decompress_none
00000f2d   CPUcpsie
00000f39   GPIOPinIntEnable
00000f45   GPIOPinRead
00000f4f   GPIOPinWrite
00000f59   IntMasterEnable
00000f63   TimerIntEnable
00000f6b   GPIOPinIntClear
00000f71   ResetISR
00000f77   SysCtlDelay
00000f7d   __TI_decompress_rle24
00000f83   rest
00000f89   TimerIntClear
00001100   __TI_Handler_Table_Base
0000110c   __TI_Handler_Table_Limit
00001120   __TI_CINIT_Base
00001138   __TI_CINIT_Limit
20000000   g_pfnRAMVectors
2000026c   __stack
2000036c   __STACK_END
2000036c   __STACK_TOP
2000036c   segments
20000394   grid
200003ac   _lock
200003b0   _unlock
200003b4   _cleanup_ptr
200003b8   _dtors_ptr
200003bc   main_func_sp
200003c0   hour
200003c4   minute
200003c8   second
200003cc   numbers
200003e4   ulP_Base
200003e8   ulP_Pin
200003ec   ulP_ticksForFreq
200003f0   ulP_ticksHigh
200003f4   ulP_ticksLow
ffffffff   __binit__
ffffffff   __c_args__
ffffffff   binit
UNDEFED    SHT$$INIT_ARRAY$$Base
UNDEFED    SHT$$INIT_ARRAY$$Limit

[84 symbols]
