******************************************************************************
                  TMS470 Linker PC v4.9.5                      
******************************************************************************
>> Linked Tue Dec 03 21:38:28 2013

OUTPUT FILE NAME:   <project0.out>
ENTRY POINT SYMBOL: "_c_int00"  address: 00000fed


MEMORY CONFIGURATION

         name            origin    length      used     unused   attr    fill
----------------------  --------  ---------  --------  --------  ----  --------
  FLASH                 00000000   00040000  0000148e  0003eb72  R  X
  SRAM                  20000000   00008000  00000444  00007bbc  RW X


SEGMENT ALLOCATION MAP

run origin  load origin   length   init length attrs members
----------  ----------- ---------- ----------- ----- -------
00000000    00000000    00001490   00001490    r-x
  00000000    00000000    0000026c   0000026c    r-- .intvecs
  0000026c    0000026c    00001036   00001036    r-x .text
  000012a4    000012a4    0000011c   0000011c    r-- .const
  000013c0    000013c0    000000d0   000000d0    r-- .cinit
20000000    20000000    0000036c   00000000    rw-
  20000000    20000000    0000026c   00000000    rw- .vtable
  2000026c    2000026c    00000100   00000000    rw- .stack
2000036c    2000036c    000000d8   000000a0    rw-
  2000036c    2000036c    000000a0   000000a0    rw- .data
  2000040c    2000040c    00000038   00000000    rw- .bss


SECTION ALLOCATION MAP

 output                                  attributes/
section   page    origin      length       input sections
--------  ----  ----------  ----------   ----------------
.intvecs   0    00000000    0000026c     
                  00000000    0000026c     startup_ccs.obj (.intvecs)

.init_array 
*          0    00000000    00000000     UNINITIALIZED

.text      0    0000026c    00001036     
                  0000026c    000001d8     driverlib-cm4f.lib : sysctl.obj (.text:SysCtlClockGet)
                  00000444    00000184     I2C_Stellaris_API.obj (.text:I2CSetup)
                  000005c8    0000013c     driverlib-cm4f.lib : sysctl.obj (.text:SysCtlClockSet)
                  00000704    000000fc                        : gpio.obj (.text:GPIOGetIntNumber)
                  00000800    000000c8                        : gpio.obj (.text:GPIOPadConfigSet)
                  000008c8    000000bc     project0.obj (.text:getDS1307time)
                  00000984    000000b4     project0.obj (.text:main)
                  00000a38    0000009c     rtsv7M4_T_le_v4SPD16_eabi.lib : memcpy_t2.obj (.text)
                  00000ad4    00000098     project0.obj (.text:NewSecond)
                  00000b6c    00000094     rtsv7M4_T_le_v4SPD16_eabi.lib : auto_init.obj (.text)
                  00000c00    00000094     project0.obj (.text:send_VFD)
                  00000c94    0000008c     I2C_Stellaris_API.obj (.text:I2CRegRead)
                  00000d20    00000078     driverlib-cm4f.lib : gpio.obj (.text:GPIOPinTypeI2CSCL)
                  00000d98    00000064                        : interrupt.obj (.text:IntEnable)
                  00000dfc    0000005e     rtsv7M4_T_le_v4SPD16_eabi.lib : copy_decompress_rle.obj (.text)
                  00000e5a    00000002     startup_ccs.obj (.text:FaultISR)
                  00000e5c    00000058     driverlib-cm4f.lib : sysctl.obj (.text:SysCtlPeripheralEnable)
                  00000eb4    00000054     softPwm.obj (.text:softPwmConfig)
                  00000f08    0000004c     softPwm.obj (.text:_update)
                  00000f54    0000004c     rtsv7M4_T_le_v4SPD16_eabi.lib : cpy_tbl.obj (.text)
                  00000fa0    0000004c     project0.obj (.text:update_HAD)
                  00000fec    00000048     rtsv7M4_T_le_v4SPD16_eabi.lib : boot.obj (.text)
                  00001034    00000044     driverlib-cm4f.lib : gpio.obj (.text:GPIOIntTypeSet)
                  00001078    00000044     rtsv7M4_T_le_v4SPD16_eabi.lib : exit.obj (.text)
                  000010bc    00000038     softPwm.obj (.text:softPwmInit)
                  000010f4    00000034     driverlib-cm4f.lib : interrupt.obj (.text:IntRegister)
                  00001128    0000002e                        : gpio.obj (.text:GPIODirModeSet)
                  00001156    00000002     startup_ccs.obj (.text:IntDefaultHandler)
                  00001158    00000028     driverlib-cm4f.lib : timer.obj (.text:TimerConfigure)
                  00001180    00000018                        : gpio.obj (.text:GPIOPortIntRegister)
                  00001198    00000018     rtsv7M4_T_le_v4SPD16_eabi.lib : _lock.obj (.text)
                  000011b0    00000018                                   : args_main.obj (.text)
                  000011c8    00000014     softPwm.obj (.text:Timer0IntHandler)
                  000011dc    00000012     driverlib-cm4f.lib : gpio.obj (.text:GPIOPinTypeGPIOInput)
                  000011ee    00000012                        : gpio.obj (.text:GPIOPinTypeGPIOOutput)
                  00001200    00000012                        : timer.obj (.text:TimerLoadSet)
                  00001212    00000012     rtsv7M4_T_le_v4SPD16_eabi.lib : copy_zero_init.obj (.text:decompress:ZI)
                  00001224    0000000e     driverlib-cm4f.lib : timer.obj (.text:TimerEnable)
                  00001232    0000000e     rtsv7M4_T_le_v4SPD16_eabi.lib : copy_decompress_none.obj (.text:decompress:none)
                  00001240    0000000c     driverlib-cm4f.lib : cpu.obj (.text:CPUcpsie)
                  0000124c    0000000c                        : gpio.obj (.text:GPIOPinIntEnable)
                  00001258    0000000a                        : gpio.obj (.text:GPIOPinRead)
                  00001262    0000000a                        : gpio.obj (.text:GPIOPinWrite)
                  0000126c    0000000a                        : interrupt.obj (.text:IntMasterEnable)
                  00001276    00000008                        : timer.obj (.text:TimerIntEnable)
                  0000127e    00000006                        : gpio.obj (.text:GPIOPinIntClear)
                  00001284    00000006     startup_ccs.obj (.text:ResetISR)
                  0000128a    00000006     driverlib-cm4f.lib : sysctl.obj (.text:SysCtlDelay)
                  00001290    00000006     rtsv7M4_T_le_v4SPD16_eabi.lib : copy_decompress_rle.obj (.text:decompress:rle24)
                  00001296    00000006     project0.obj (.text:rest)
                  0000129c    00000004     driverlib-cm4f.lib : timer.obj (.text:TimerIntClear)
                  000012a0    00000002     startup_ccs.obj (.text:NmiSR)

.const     0    000012a4    0000011c     
                  000012a4    00000070     driverlib-cm4f.lib : interrupt.obj (.const)
                  00001314    0000006c                        : sysctl.obj (.const:g_pulXtals)
                  00001380    00000040                        : sysctl.obj (.const)

.cinit     0    000013c0    000000d0     
                  000013c0    00000099     (.cinit..data.load) [load image, compression = rle]
                  00001459    00000003     --HOLE-- [fill = 0]
                  0000145c    0000000c     (__TI_handler_table)
                  00001468    00000008     (.cinit..bss.load) [load image, compression = zero_init]
                  00001470    00000008     (.cinit..vtable.load) [load image, compression = zero_init]
                  00001478    00000018     (__TI_cinit_table)

.vtable    0    20000000    0000026c     UNINITIALIZED
                  20000000    0000026c     driverlib-cm4f.lib : interrupt.obj (.vtable)

.stack     0    2000026c    00000100     UNINITIALIZED
                  2000026c    00000100     --HOLE--

.data      0    2000036c    000000a0     
                  2000036c    0000004c     project0.obj (.data:segments_hackaday)
                  200003b8    00000028     project0.obj (.data:segments)
                  200003e0    00000018     project0.obj (.data)
                  200003f8    00000008     rtsv7M4_T_le_v4SPD16_eabi.lib : _lock.obj (.data)
                  20000400    00000008                                   : exit.obj (.data)
                  20000408    00000004                                   : stkdepth_vars.obj (.data)

.bss       0    2000040c    00000038     UNINITIALIZED
                  2000040c    00000024     project0.obj (.bss)
                  20000430    00000014     softPwm.obj (.bss)


LINKER GENERATED COPY TABLES

__TI_cinit_table @ 00001478 records: 3, size/record: 8, table size: 24
	.data: load addr=000013c0, load size=00000099 bytes, run addr=2000036c, run size=000000a0 bytes, compression=rle
	.bss: load addr=00001468, load size=00000008 bytes, run addr=2000040c, run size=00000038 bytes, compression=zero_init
	.vtable: load addr=00001470, load size=00000008 bytes, run addr=20000000, run size=0000026c bytes, compression=zero_init


LINKER GENERATED HANDLER TABLE

__TI_handler_table @ 0000145c records: 3, size/record: 4, table size: 12
	index: 0, handler: __TI_zero_init
	index: 1, handler: __TI_decompress_rle24
	index: 2, handler: __TI_decompress_none


GLOBAL SYMBOLS: SORTED ALPHABETICALLY BY Name 

address    name
--------   ----
00001079   C$$EXIT
00001241   CPUcpsie
00001129   GPIODirModeSet
00001035   GPIOIntTypeSet
00000801   GPIOPadConfigSet
0000127f   GPIOPinIntClear
0000124d   GPIOPinIntEnable
00001259   GPIOPinRead
000011dd   GPIOPinTypeGPIOInput
000011ef   GPIOPinTypeGPIOOutput
00000d21   GPIOPinTypeI2CSCL
00001263   GPIOPinWrite
00001181   GPIOPortIntRegister
00000c95   I2CRegRead
00000445   I2CSetup
00000d99   IntEnable
0000126d   IntMasterEnable
000010f5   IntRegister
00000ad5   NewSecond
00001285   ResetISR
UNDEFED    SHT$$INIT_ARRAY$$Base
UNDEFED    SHT$$INIT_ARRAY$$Limit
0000026d   SysCtlClockGet
000005c9   SysCtlClockSet
0000128b   SysCtlDelay
00000e5d   SysCtlPeripheralEnable
000011c9   Timer0IntHandler
00001159   TimerConfigure
00001225   TimerEnable
0000129d   TimerIntClear
00001277   TimerIntEnable
00001201   TimerLoadSet
2000036c   __STACK_END
00000100   __STACK_SIZE
2000036c   __STACK_TOP
00001478   __TI_CINIT_Base
00001490   __TI_CINIT_Limit
0000145c   __TI_Handler_Table_Base
00001468   __TI_Handler_Table_Limit
00000001   __TI_args_main
00000b6d   __TI_auto_init
00001233   __TI_decompress_none
00001291   __TI_decompress_rle24
00000000   __TI_static_base__
00001213   __TI_zero_init
00000a39   __aeabi_memcpy
00000a39   __aeabi_memcpy4
00000a39   __aeabi_memcpy8
ffffffff   __binit__
ffffffff   __c_args__
2000026c   __stack
000011b1   _args_main
00000fed   _c_int00
20000400   _cleanup_ptr
20000404   _dtors_ptr
200003f8   _lock
000011a5   _nop
0000119f   _register_lock
00001199   _register_unlock
200003fc   _unlock
00000f09   _update
0000107d   abort
ffffffff   binit
00000f55   copy_in
00001085   exit
20000000   g_pfnRAMVectors
00000000   g_pfnVectors
000008c9   getDS1307time
200003e0   grid
2000040c   hour
00000985   main
20000408   main_func_sp
00000a39   memcpy
20000410   minute
20000418   numbers
00001297   rest
20000414   second
200003b8   segments
2000036c   segments_hackaday
00000c01   send_VFD
00000eb5   softPwmConfig
000010bd   softPwmInit
20000430   ulP_Base
20000434   ulP_Pin
20000438   ulP_ticksForFreq
2000043c   ulP_ticksHigh
20000440   ulP_ticksLow
00000fa1   update_HAD


GLOBAL SYMBOLS: SORTED BY Symbol Address 

address    name
--------   ----
00000000   __TI_static_base__
00000000   g_pfnVectors
00000001   __TI_args_main
00000100   __STACK_SIZE
0000026d   SysCtlClockGet
00000445   I2CSetup
000005c9   SysCtlClockSet
00000801   GPIOPadConfigSet
000008c9   getDS1307time
00000985   main
00000a39   __aeabi_memcpy
00000a39   __aeabi_memcpy4
00000a39   __aeabi_memcpy8
00000a39   memcpy
00000ad5   NewSecond
00000b6d   __TI_auto_init
00000c01   send_VFD
00000c95   I2CRegRead
00000d21   GPIOPinTypeI2CSCL
00000d99   IntEnable
00000e5d   SysCtlPeripheralEnable
00000eb5   softPwmConfig
00000f09   _update
00000f55   copy_in
00000fa1   update_HAD
00000fed   _c_int00
00001035   GPIOIntTypeSet
00001079   C$$EXIT
0000107d   abort
00001085   exit
000010bd   softPwmInit
000010f5   IntRegister
00001129   GPIODirModeSet
00001159   TimerConfigure
00001181   GPIOPortIntRegister
00001199   _register_unlock
0000119f   _register_lock
000011a5   _nop
000011b1   _args_main
000011c9   Timer0IntHandler
000011dd   GPIOPinTypeGPIOInput
000011ef   GPIOPinTypeGPIOOutput
00001201   TimerLoadSet
00001213   __TI_zero_init
00001225   TimerEnable
00001233   __TI_decompress_none
00001241   CPUcpsie
0000124d   GPIOPinIntEnable
00001259   GPIOPinRead
00001263   GPIOPinWrite
0000126d   IntMasterEnable
00001277   TimerIntEnable
0000127f   GPIOPinIntClear
00001285   ResetISR
0000128b   SysCtlDelay
00001291   __TI_decompress_rle24
00001297   rest
0000129d   TimerIntClear
0000145c   __TI_Handler_Table_Base
00001468   __TI_Handler_Table_Limit
00001478   __TI_CINIT_Base
00001490   __TI_CINIT_Limit
20000000   g_pfnRAMVectors
2000026c   __stack
2000036c   __STACK_END
2000036c   __STACK_TOP
2000036c   segments_hackaday
200003b8   segments
200003e0   grid
200003f8   _lock
200003fc   _unlock
20000400   _cleanup_ptr
20000404   _dtors_ptr
20000408   main_func_sp
2000040c   hour
20000410   minute
20000414   second
20000418   numbers
20000430   ulP_Base
20000434   ulP_Pin
20000438   ulP_ticksForFreq
2000043c   ulP_ticksHigh
20000440   ulP_ticksLow
ffffffff   __binit__
ffffffff   __c_args__
ffffffff   binit
UNDEFED    SHT$$INIT_ARRAY$$Base
UNDEFED    SHT$$INIT_ARRAY$$Limit

[88 symbols]
