******************************************************************************
                  TMS470 Linker PC v4.9.5                      
******************************************************************************
>> Linked Sun Oct 27 01:08:27 2013

OUTPUT FILE NAME:   <project0.out>
ENTRY POINT SYMBOL: "_c_int00"  address: 00000f99


MEMORY CONFIGURATION

         name            origin    length      used     unused   attr    fill
----------------------  --------  ---------  --------  --------  ----  --------
  FLASH                 00000000   00040000  0000140e  0003ebf2  R  X
  SRAM                  20000000   00008000  000003f8  00007c08  RW X


SEGMENT ALLOCATION MAP

run origin  load origin   length   init length attrs members
----------  ----------- ---------- ----------- ----- -------
00000000    00000000    00001410   00001410    r-x
  00000000    00000000    0000026c   0000026c    r-- .intvecs
  0000026c    0000026c    00000ffe   00000ffe    r-x .text
  0000126c    0000126c    0000011c   0000011c    r-- .const
  00001388    00001388    00000088   00000088    r-- .cinit
20000000    20000000    0000036c   00000000    rw-
  20000000    20000000    0000026c   00000000    rw- .vtable
  2000026c    2000026c    00000100   00000000    rw- .stack
2000036c    2000036c    0000008c   00000054    rw-
  2000036c    2000036c    00000054   00000054    rw- .data
  200003c0    200003c0    00000038   00000000    rw- .bss


SECTION ALLOCATION MAP

 output                                  attributes/
section   page    origin      length       input sections
--------  ----  ----------  ----------   ----------------
.intvecs   0    00000000    0000026c     
                  00000000    0000026c     startup_ccs.obj (.intvecs)

.init_array 
*          0    00000000    00000000     UNINITIALIZED

.text      0    0000026c    00000ffe     
                  0000026c    000001d8     driverlib-cm4f.lib : sysctl.obj (.text:SysCtlClockGet)
                  00000444    00000184     I2C_Stellaris_API.obj (.text:I2CSetup)
                  000005c8    0000013c     driverlib-cm4f.lib : sysctl.obj (.text:SysCtlClockSet)
                  00000704    000000fc                        : gpio.obj (.text:GPIOGetIntNumber)
                  00000800    000000c8                        : gpio.obj (.text:GPIOPadConfigSet)
                  000008c8    000000bc     project0.obj (.text:getDS1307time)
                  00000984    000000b4     project0.obj (.text:main)
                  00000a38    0000009c     rtsv7M4_T_le_v4SPD16_eabi.lib : memcpy_t2.obj (.text)
                  00000ad4    00000098     project0.obj (.text:NewSecond)
                  00000b6c    00000094     rtsv7M4_T_le_v4SPD16_eabi.lib : auto_init.obj (.text)
                  00000c00    0000008c     I2C_Stellaris_API.obj (.text:I2CRegRead)
                  00000c8c    0000008c     project0.obj (.text:send_VFD)
                  00000d18    00000078     driverlib-cm4f.lib : gpio.obj (.text:GPIOPinTypeI2CSCL)
                  00000d90    00000064                        : interrupt.obj (.text:IntEnable)
                  00000df4    0000005e     rtsv7M4_T_le_v4SPD16_eabi.lib : copy_decompress_rle.obj (.text)
                  00000e52    00000002     startup_ccs.obj (.text:FaultISR)
                  00000e54    00000058     driverlib-cm4f.lib : sysctl.obj (.text:SysCtlPeripheralEnable)
                  00000eac    00000054     softPwm.obj (.text:softPwmConfig)
                  00000f00    0000004c     softPwm.obj (.text:_update)
                  00000f4c    0000004c     rtsv7M4_T_le_v4SPD16_eabi.lib : cpy_tbl.obj (.text)
                  00000f98    00000048                                   : boot.obj (.text)
                  00000fe0    00000044     driverlib-cm4f.lib : gpio.obj (.text:GPIOIntTypeSet)
                  00001024    00000044     rtsv7M4_T_le_v4SPD16_eabi.lib : exit.obj (.text)
                  00001068    00000038     softPwm.obj (.text:softPwmInit)
                  000010a0    00000034     driverlib-cm4f.lib : interrupt.obj (.text:IntRegister)
                  000010d4    0000002e                        : gpio.obj (.text:GPIODirModeSet)
                  00001102    00000002     startup_ccs.obj (.text:IntDefaultHandler)
                  00001104    00000028     driverlib-cm4f.lib : timer.obj (.text:TimerConfigure)
                  0000112c    0000001c     project0.obj (.text:update_VFD)
                  00001148    00000018     driverlib-cm4f.lib : gpio.obj (.text:GPIOPortIntRegister)
                  00001160    00000018     rtsv7M4_T_le_v4SPD16_eabi.lib : _lock.obj (.text)
                  00001178    00000018                                   : args_main.obj (.text)
                  00001190    00000014     softPwm.obj (.text:Timer0IntHandler)
                  000011a4    00000012     driverlib-cm4f.lib : gpio.obj (.text:GPIOPinTypeGPIOInput)
                  000011b6    00000012                        : gpio.obj (.text:GPIOPinTypeGPIOOutput)
                  000011c8    00000012                        : timer.obj (.text:TimerLoadSet)
                  000011da    00000012     rtsv7M4_T_le_v4SPD16_eabi.lib : copy_zero_init.obj (.text:decompress:ZI)
                  000011ec    0000000e     driverlib-cm4f.lib : timer.obj (.text:TimerEnable)
                  000011fa    0000000e     rtsv7M4_T_le_v4SPD16_eabi.lib : copy_decompress_none.obj (.text:decompress:none)
                  00001208    0000000c     driverlib-cm4f.lib : cpu.obj (.text:CPUcpsie)
                  00001214    0000000c                        : gpio.obj (.text:GPIOPinIntEnable)
                  00001220    0000000a                        : gpio.obj (.text:GPIOPinRead)
                  0000122a    0000000a                        : gpio.obj (.text:GPIOPinWrite)
                  00001234    0000000a                        : interrupt.obj (.text:IntMasterEnable)
                  0000123e    00000008                        : timer.obj (.text:TimerIntEnable)
                  00001246    00000006                        : gpio.obj (.text:GPIOPinIntClear)
                  0000124c    00000006     startup_ccs.obj (.text:ResetISR)
                  00001252    00000006     driverlib-cm4f.lib : sysctl.obj (.text:SysCtlDelay)
                  00001258    00000006     rtsv7M4_T_le_v4SPD16_eabi.lib : copy_decompress_rle.obj (.text:decompress:rle24)
                  0000125e    00000006     project0.obj (.text:rest)
                  00001264    00000004     driverlib-cm4f.lib : timer.obj (.text:TimerIntClear)
                  00001268    00000002     startup_ccs.obj (.text:NmiSR)

.const     0    0000126c    0000011c     
                  0000126c    00000070     driverlib-cm4f.lib : interrupt.obj (.const)
                  000012dc    0000006c                        : sysctl.obj (.const:g_pulXtals)
                  00001348    00000040                        : sysctl.obj (.const)

.cinit     0    00001388    00000088     
                  00001388    0000004d     (.cinit..data.load) [load image, compression = rle]
                  000013d5    00000003     --HOLE-- [fill = 0]
                  000013d8    0000000c     (__TI_handler_table)
                  000013e4    00000004     --HOLE-- [fill = 0]
                  000013e8    00000008     (.cinit..bss.load) [load image, compression = zero_init]
                  000013f0    00000008     (.cinit..vtable.load) [load image, compression = zero_init]
                  000013f8    00000018     (__TI_cinit_table)

.vtable    0    20000000    0000026c     UNINITIALIZED
                  20000000    0000026c     driverlib-cm4f.lib : interrupt.obj (.vtable)

.stack     0    2000026c    00000100     UNINITIALIZED
                  2000026c    00000100     --HOLE--

.data      0    2000036c    00000054     
                  2000036c    00000028     project0.obj (.data:segments)
                  20000394    00000018     project0.obj (.data)
                  200003ac    00000008     rtsv7M4_T_le_v4SPD16_eabi.lib : _lock.obj (.data)
                  200003b4    00000008                                   : exit.obj (.data)
                  200003bc    00000004                                   : stkdepth_vars.obj (.data)

.bss       0    200003c0    00000038     UNINITIALIZED
                  200003c0    00000024     project0.obj (.bss)
                  200003e4    00000014     softPwm.obj (.bss)


LINKER GENERATED COPY TABLES

__TI_cinit_table @ 000013f8 records: 3, size/record: 8, table size: 24
	.data: load addr=00001388, load size=0000004d bytes, run addr=2000036c, run size=00000054 bytes, compression=rle
	.bss: load addr=000013e8, load size=00000008 bytes, run addr=200003c0, run size=00000038 bytes, compression=zero_init
	.vtable: load addr=000013f0, load size=00000008 bytes, run addr=20000000, run size=0000026c bytes, compression=zero_init


LINKER GENERATED HANDLER TABLE

__TI_handler_table @ 000013d8 records: 3, size/record: 4, table size: 12
	index: 0, handler: __TI_zero_init
	index: 1, handler: __TI_decompress_rle24
	index: 2, handler: __TI_decompress_none


GLOBAL SYMBOLS: SORTED ALPHABETICALLY BY Name 

address    name
--------   ----
00001025   C$$EXIT
00001209   CPUcpsie
000010d5   GPIODirModeSet
00000fe1   GPIOIntTypeSet
00000801   GPIOPadConfigSet
00001247   GPIOPinIntClear
00001215   GPIOPinIntEnable
00001221   GPIOPinRead
000011a5   GPIOPinTypeGPIOInput
000011b7   GPIOPinTypeGPIOOutput
00000d19   GPIOPinTypeI2CSCL
0000122b   GPIOPinWrite
00001149   GPIOPortIntRegister
00000c01   I2CRegRead
00000445   I2CSetup
00000d91   IntEnable
00001235   IntMasterEnable
000010a1   IntRegister
00000ad5   NewSecond
0000124d   ResetISR
UNDEFED    SHT$$INIT_ARRAY$$Base
UNDEFED    SHT$$INIT_ARRAY$$Limit
0000026d   SysCtlClockGet
000005c9   SysCtlClockSet
00001253   SysCtlDelay
00000e55   SysCtlPeripheralEnable
00001191   Timer0IntHandler
00001105   TimerConfigure
000011ed   TimerEnable
00001265   TimerIntClear
0000123f   TimerIntEnable
000011c9   TimerLoadSet
2000036c   __STACK_END
00000100   __STACK_SIZE
2000036c   __STACK_TOP
000013f8   __TI_CINIT_Base
00001410   __TI_CINIT_Limit
000013d8   __TI_Handler_Table_Base
000013e4   __TI_Handler_Table_Limit
00000001   __TI_args_main
00000b6d   __TI_auto_init
000011fb   __TI_decompress_none
00001259   __TI_decompress_rle24
00000000   __TI_static_base__
000011db   __TI_zero_init
00000a39   __aeabi_memcpy
00000a39   __aeabi_memcpy4
00000a39   __aeabi_memcpy8
ffffffff   __binit__
ffffffff   __c_args__
2000026c   __stack
00001179   _args_main
00000f99   _c_int00
200003b4   _cleanup_ptr
200003b8   _dtors_ptr
200003ac   _lock
0000116d   _nop
00001167   _register_lock
00001161   _register_unlock
200003b0   _unlock
00000f01   _update
00001029   abort
ffffffff   binit
00000f4d   copy_in
00001031   exit
20000000   g_pfnRAMVectors
00000000   g_pfnVectors
000008c9   getDS1307time
20000394   grid
200003c0   hour
00000985   main
200003bc   main_func_sp
00000a39   memcpy
200003c4   minute
200003cc   numbers
0000125f   rest
200003c8   second
2000036c   segments
00000c8d   send_VFD
00000ead   softPwmConfig
00001069   softPwmInit
200003e4   ulP_Base
200003e8   ulP_Pin
200003ec   ulP_ticksForFreq
200003f0   ulP_ticksHigh
200003f4   ulP_ticksLow
0000112d   update_VFD


GLOBAL SYMBOLS: SORTED BY Symbol Address 

address    name
--------   ----
00000000   __TI_static_base__
00000000   g_pfnVectors
00000001   __TI_args_main
00000100   __STACK_SIZE
0000026d   SysCtlClockGet
00000445   I2CSetup
000005c9   SysCtlClockSet
00000801   GPIOPadConfigSet
000008c9   getDS1307time
00000985   main
00000a39   __aeabi_memcpy
00000a39   __aeabi_memcpy4
00000a39   __aeabi_memcpy8
00000a39   memcpy
00000ad5   NewSecond
00000b6d   __TI_auto_init
00000c01   I2CRegRead
00000c8d   send_VFD
00000d19   GPIOPinTypeI2CSCL
00000d91   IntEnable
00000e55   SysCtlPeripheralEnable
00000ead   softPwmConfig
00000f01   _update
00000f4d   copy_in
00000f99   _c_int00
00000fe1   GPIOIntTypeSet
00001025   C$$EXIT
00001029   abort
00001031   exit
00001069   softPwmInit
000010a1   IntRegister
000010d5   GPIODirModeSet
00001105   TimerConfigure
0000112d   update_VFD
00001149   GPIOPortIntRegister
00001161   _register_unlock
00001167   _register_lock
0000116d   _nop
00001179   _args_main
00001191   Timer0IntHandler
000011a5   GPIOPinTypeGPIOInput
000011b7   GPIOPinTypeGPIOOutput
000011c9   TimerLoadSet
000011db   __TI_zero_init
000011ed   TimerEnable
000011fb   __TI_decompress_none
00001209   CPUcpsie
00001215   GPIOPinIntEnable
00001221   GPIOPinRead
0000122b   GPIOPinWrite
00001235   IntMasterEnable
0000123f   TimerIntEnable
00001247   GPIOPinIntClear
0000124d   ResetISR
00001253   SysCtlDelay
00001259   __TI_decompress_rle24
0000125f   rest
00001265   TimerIntClear
000013d8   __TI_Handler_Table_Base
000013e4   __TI_Handler_Table_Limit
000013f8   __TI_CINIT_Base
00001410   __TI_CINIT_Limit
20000000   g_pfnRAMVectors
2000026c   __stack
2000036c   __STACK_END
2000036c   __STACK_TOP
2000036c   segments
20000394   grid
200003ac   _lock
200003b0   _unlock
200003b4   _cleanup_ptr
200003b8   _dtors_ptr
200003bc   main_func_sp
200003c0   hour
200003c4   minute
200003c8   second
200003cc   numbers
200003e4   ulP_Base
200003e8   ulP_Pin
200003ec   ulP_ticksForFreq
200003f0   ulP_ticksHigh
200003f4   ulP_ticksLow
ffffffff   __binit__
ffffffff   __c_args__
ffffffff   binit
UNDEFED    SHT$$INIT_ARRAY$$Base
UNDEFED    SHT$$INIT_ARRAY$$Limit

[87 symbols]
