******************************************************************************
                  TMS470 Linker PC v4.9.5                      
******************************************************************************
>> Linked Wed Feb 27 18:14:38 2013

OUTPUT FILE NAME:   <project0.out>
ENTRY POINT SYMBOL: "_c_int00"  address: 00001079


MEMORY CONFIGURATION

         name            origin    length      used     unused   attr    fill
----------------------  --------  ---------  --------  --------  ----  --------
  FLASH                 00000000   00040000  000014ee  0003eb12  R  X
  SRAM                  20000000   00008000  000003f8  00007c08  RW X


SEGMENT ALLOCATION MAP

run origin  load origin   length   init length attrs members
----------  ----------- ---------- ----------- ----- -------
00000000    00000000    000014f0   000014f0    r-x
  00000000    00000000    0000026c   0000026c    r-- .intvecs
  0000026c    0000026c    000010de   000010de    r-x .text
  0000134c    0000134c    0000011c   0000011c    r-- .const
  00001468    00001468    00000088   00000088    r-- .cinit
20000000    20000000    0000036c   00000000    rw-
  20000000    20000000    0000026c   00000000    rw- .vtable
  2000026c    2000026c    00000100   00000000    rw- .stack
2000036c    2000036c    0000008c   00000054    rw-
  2000036c    2000036c    00000054   00000054    rw- .data
  200003c0    200003c0    00000038   00000000    rw- .bss


SECTION ALLOCATION MAP

 output                                  attributes/
section   page    origin      length       input sections
--------  ----  ----------  ----------   ----------------
.intvecs   0    00000000    0000026c     
                  00000000    0000026c     startup_ccs.obj (.intvecs)

.init_array 
*          0    00000000    00000000     UNINITIALIZED

.text      0    0000026c    000010de     
                  0000026c    000001d8     driverlib-cm4f.lib : sysctl.obj (.text:SysCtlClockGet)
                  00000444    00000184     I2C_Stellaris_API.obj (.text:I2CSetup)
                  000005c8    0000013c     driverlib-cm4f.lib : sysctl.obj (.text:SysCtlClockSet)
                  00000704    000000fc                        : gpio.obj (.text:GPIOGetIntNumber)
                  00000800    000000f0     project0.obj (.text:getDS1307time)
                  000008f0    000000c8     driverlib-cm4f.lib : gpio.obj (.text:GPIOPadConfigSet)
                  000009b8    000000b4     project0.obj (.text:main)
                  00000a6c    000000ac     I2C_Stellaris_API.obj (.text:I2CRegWrite)
                  00000b18    0000009c     rtsv7M4_T_le_v4SPD16_eabi.lib : memcpy_t2.obj (.text)
                  00000bb4    00000098     project0.obj (.text:NewSecond)
                  00000c4c    00000094     rtsv7M4_T_le_v4SPD16_eabi.lib : auto_init.obj (.text)
                  00000ce0    0000008c     I2C_Stellaris_API.obj (.text:I2CRegRead)
                  00000d6c    0000008c     project0.obj (.text:send_VFD)
                  00000df8    00000078     driverlib-cm4f.lib : gpio.obj (.text:GPIOPinTypeI2CSCL)
                  00000e70    00000064                        : interrupt.obj (.text:IntEnable)
                  00000ed4    0000005e     rtsv7M4_T_le_v4SPD16_eabi.lib : copy_decompress_rle.obj (.text)
                  00000f32    00000002     startup_ccs.obj (.text:FaultISR)
                  00000f34    00000058     driverlib-cm4f.lib : sysctl.obj (.text:SysCtlPeripheralEnable)
                  00000f8c    00000054     softPwm.obj (.text:softPwmConfig)
                  00000fe0    0000004c     softPwm.obj (.text:_update)
                  0000102c    0000004c     rtsv7M4_T_le_v4SPD16_eabi.lib : cpy_tbl.obj (.text)
                  00001078    00000048                                   : boot.obj (.text)
                  000010c0    00000044     driverlib-cm4f.lib : gpio.obj (.text:GPIOIntTypeSet)
                  00001104    00000044     rtsv7M4_T_le_v4SPD16_eabi.lib : exit.obj (.text)
                  00001148    00000038     softPwm.obj (.text:softPwmInit)
                  00001180    00000034     driverlib-cm4f.lib : interrupt.obj (.text:IntRegister)
                  000011b4    0000002e                        : gpio.obj (.text:GPIODirModeSet)
                  000011e2    00000002     startup_ccs.obj (.text:IntDefaultHandler)
                  000011e4    00000028     driverlib-cm4f.lib : timer.obj (.text:TimerConfigure)
                  0000120c    0000001c     project0.obj (.text:update_VFD)
                  00001228    00000018     driverlib-cm4f.lib : gpio.obj (.text:GPIOPortIntRegister)
                  00001240    00000018     rtsv7M4_T_le_v4SPD16_eabi.lib : _lock.obj (.text)
                  00001258    00000018                                   : args_main.obj (.text)
                  00001270    00000014     softPwm.obj (.text:Timer0IntHandler)
                  00001284    00000012     driverlib-cm4f.lib : gpio.obj (.text:GPIOPinTypeGPIOInput)
                  00001296    00000012                        : gpio.obj (.text:GPIOPinTypeGPIOOutput)
                  000012a8    00000012                        : timer.obj (.text:TimerLoadSet)
                  000012ba    00000012     rtsv7M4_T_le_v4SPD16_eabi.lib : copy_zero_init.obj (.text:decompress:ZI)
                  000012cc    0000000e     driverlib-cm4f.lib : timer.obj (.text:TimerEnable)
                  000012da    0000000e     rtsv7M4_T_le_v4SPD16_eabi.lib : copy_decompress_none.obj (.text:decompress:none)
                  000012e8    0000000c     driverlib-cm4f.lib : cpu.obj (.text:CPUcpsie)
                  000012f4    0000000c                        : gpio.obj (.text:GPIOPinIntEnable)
                  00001300    0000000a                        : gpio.obj (.text:GPIOPinRead)
                  0000130a    0000000a                        : gpio.obj (.text:GPIOPinWrite)
                  00001314    0000000a                        : interrupt.obj (.text:IntMasterEnable)
                  0000131e    00000008                        : timer.obj (.text:TimerIntEnable)
                  00001326    00000006                        : gpio.obj (.text:GPIOPinIntClear)
                  0000132c    00000006     startup_ccs.obj (.text:ResetISR)
                  00001332    00000006     driverlib-cm4f.lib : sysctl.obj (.text:SysCtlDelay)
                  00001338    00000006     rtsv7M4_T_le_v4SPD16_eabi.lib : copy_decompress_rle.obj (.text:decompress:rle24)
                  0000133e    00000006     project0.obj (.text:rest)
                  00001344    00000004     driverlib-cm4f.lib : timer.obj (.text:TimerIntClear)
                  00001348    00000002     startup_ccs.obj (.text:NmiSR)

.const     0    0000134c    0000011c     
                  0000134c    00000070     driverlib-cm4f.lib : interrupt.obj (.const)
                  000013bc    0000006c                        : sysctl.obj (.const:g_pulXtals)
                  00001428    00000040                        : sysctl.obj (.const)

.cinit     0    00001468    00000088     
                  00001468    0000004d     (.cinit..data.load) [load image, compression = rle]
                  000014b5    00000003     --HOLE-- [fill = 0]
                  000014b8    0000000c     (__TI_handler_table)
                  000014c4    00000004     --HOLE-- [fill = 0]
                  000014c8    00000008     (.cinit..bss.load) [load image, compression = zero_init]
                  000014d0    00000008     (.cinit..vtable.load) [load image, compression = zero_init]
                  000014d8    00000018     (__TI_cinit_table)

.vtable    0    20000000    0000026c     UNINITIALIZED
                  20000000    0000026c     driverlib-cm4f.lib : interrupt.obj (.vtable)

.stack     0    2000026c    00000100     UNINITIALIZED
                  2000026c    00000100     --HOLE--

.data      0    2000036c    00000054     
                  2000036c    00000028     project0.obj (.data:segments)
                  20000394    00000018     project0.obj (.data)
                  200003ac    00000008     rtsv7M4_T_le_v4SPD16_eabi.lib : _lock.obj (.data)
                  200003b4    00000008                                   : exit.obj (.data)
                  200003bc    00000004                                   : stkdepth_vars.obj (.data)

.bss       0    200003c0    00000038     UNINITIALIZED
                  200003c0    00000024     project0.obj (.bss)
                  200003e4    00000014     softPwm.obj (.bss)


LINKER GENERATED COPY TABLES

__TI_cinit_table @ 000014d8 records: 3, size/record: 8, table size: 24
	.data: load addr=00001468, load size=0000004d bytes, run addr=2000036c, run size=00000054 bytes, compression=rle
	.bss: load addr=000014c8, load size=00000008 bytes, run addr=200003c0, run size=00000038 bytes, compression=zero_init
	.vtable: load addr=000014d0, load size=00000008 bytes, run addr=20000000, run size=0000026c bytes, compression=zero_init


LINKER GENERATED HANDLER TABLE

__TI_handler_table @ 000014b8 records: 3, size/record: 4, table size: 12
	index: 0, handler: __TI_zero_init
	index: 1, handler: __TI_decompress_rle24
	index: 2, handler: __TI_decompress_none


GLOBAL SYMBOLS: SORTED ALPHABETICALLY BY Name 

address    name
--------   ----
00001105   C$$EXIT
000012e9   CPUcpsie
000011b5   GPIODirModeSet
000010c1   GPIOIntTypeSet
000008f1   GPIOPadConfigSet
00001327   GPIOPinIntClear
000012f5   GPIOPinIntEnable
00001301   GPIOPinRead
00001285   GPIOPinTypeGPIOInput
00001297   GPIOPinTypeGPIOOutput
00000df9   GPIOPinTypeI2CSCL
0000130b   GPIOPinWrite
00001229   GPIOPortIntRegister
00000ce1   I2CRegRead
00000a6d   I2CRegWrite
00000445   I2CSetup
00000e71   IntEnable
00001315   IntMasterEnable
00001181   IntRegister
00000bb5   NewSecond
0000132d   ResetISR
UNDEFED    SHT$$INIT_ARRAY$$Base
UNDEFED    SHT$$INIT_ARRAY$$Limit
0000026d   SysCtlClockGet
000005c9   SysCtlClockSet
00001333   SysCtlDelay
00000f35   SysCtlPeripheralEnable
00001271   Timer0IntHandler
000011e5   TimerConfigure
000012cd   TimerEnable
00001345   TimerIntClear
0000131f   TimerIntEnable
000012a9   TimerLoadSet
2000036c   __STACK_END
00000100   __STACK_SIZE
2000036c   __STACK_TOP
000014d8   __TI_CINIT_Base
000014f0   __TI_CINIT_Limit
000014b8   __TI_Handler_Table_Base
000014c4   __TI_Handler_Table_Limit
00000001   __TI_args_main
00000c4d   __TI_auto_init
000012db   __TI_decompress_none
00001339   __TI_decompress_rle24
00000000   __TI_static_base__
000012bb   __TI_zero_init
00000b19   __aeabi_memcpy
00000b19   __aeabi_memcpy4
00000b19   __aeabi_memcpy8
ffffffff   __binit__
ffffffff   __c_args__
2000026c   __stack
00001259   _args_main
00001079   _c_int00
200003b4   _cleanup_ptr
200003b8   _dtors_ptr
200003ac   _lock
0000124d   _nop
00001247   _register_lock
00001241   _register_unlock
200003b0   _unlock
00000fe1   _update
00001109   abort
ffffffff   binit
0000102d   copy_in
00001111   exit
20000000   g_pfnRAMVectors
00000000   g_pfnVectors
00000801   getDS1307time
20000394   grid
200003c0   hour
000009b9   main
200003bc   main_func_sp
00000b19   memcpy
200003c4   minute
200003cc   numbers
0000133f   rest
200003c8   second
2000036c   segments
00000d6d   send_VFD
00000f8d   softPwmConfig
00001149   softPwmInit
200003e4   ulP_Base
200003e8   ulP_Pin
200003ec   ulP_ticksForFreq
200003f0   ulP_ticksHigh
200003f4   ulP_ticksLow
0000120d   update_VFD


GLOBAL SYMBOLS: SORTED BY Symbol Address 

address    name
--------   ----
00000000   __TI_static_base__
00000000   g_pfnVectors
00000001   __TI_args_main
00000100   __STACK_SIZE
0000026d   SysCtlClockGet
00000445   I2CSetup
000005c9   SysCtlClockSet
00000801   getDS1307time
000008f1   GPIOPadConfigSet
000009b9   main
00000a6d   I2CRegWrite
00000b19   __aeabi_memcpy
00000b19   __aeabi_memcpy4
00000b19   __aeabi_memcpy8
00000b19   memcpy
00000bb5   NewSecond
00000c4d   __TI_auto_init
00000ce1   I2CRegRead
00000d6d   send_VFD
00000df9   GPIOPinTypeI2CSCL
00000e71   IntEnable
00000f35   SysCtlPeripheralEnable
00000f8d   softPwmConfig
00000fe1   _update
0000102d   copy_in
00001079   _c_int00
000010c1   GPIOIntTypeSet
00001105   C$$EXIT
00001109   abort
00001111   exit
00001149   softPwmInit
00001181   IntRegister
000011b5   GPIODirModeSet
000011e5   TimerConfigure
0000120d   update_VFD
00001229   GPIOPortIntRegister
00001241   _register_unlock
00001247   _register_lock
0000124d   _nop
00001259   _args_main
00001271   Timer0IntHandler
00001285   GPIOPinTypeGPIOInput
00001297   GPIOPinTypeGPIOOutput
000012a9   TimerLoadSet
000012bb   __TI_zero_init
000012cd   TimerEnable
000012db   __TI_decompress_none
000012e9   CPUcpsie
000012f5   GPIOPinIntEnable
00001301   GPIOPinRead
0000130b   GPIOPinWrite
00001315   IntMasterEnable
0000131f   TimerIntEnable
00001327   GPIOPinIntClear
0000132d   ResetISR
00001333   SysCtlDelay
00001339   __TI_decompress_rle24
0000133f   rest
00001345   TimerIntClear
000014b8   __TI_Handler_Table_Base
000014c4   __TI_Handler_Table_Limit
000014d8   __TI_CINIT_Base
000014f0   __TI_CINIT_Limit
20000000   g_pfnRAMVectors
2000026c   __stack
2000036c   __STACK_END
2000036c   __STACK_TOP
2000036c   segments
20000394   grid
200003ac   _lock
200003b0   _unlock
200003b4   _cleanup_ptr
200003b8   _dtors_ptr
200003bc   main_func_sp
200003c0   hour
200003c4   minute
200003c8   second
200003cc   numbers
200003e4   ulP_Base
200003e8   ulP_Pin
200003ec   ulP_ticksForFreq
200003f0   ulP_ticksHigh
200003f4   ulP_ticksLow
ffffffff   __binit__
ffffffff   __c_args__
ffffffff   binit
UNDEFED    SHT$$INIT_ARRAY$$Base
UNDEFED    SHT$$INIT_ARRAY$$Limit

[88 symbols]
